../Middlewares/ST/usbx/common/usbx_device_classes/src/ux_device_class_hid_event_get.c:71:7:_ux_device_class_hid_event_check	0	static
../Middlewares/ST/usbx/common/usbx_device_classes/src/ux_device_class_hid_event_get.c:131:7:_ux_device_class_hid_event_free	0	static
../Middlewares/ST/usbx/common/usbx_device_classes/src/ux_device_class_hid_event_get.c:188:7:_ux_device_class_hid_event_get	24	static
../Middlewares/ST/usbx/common/usbx_device_classes/src/ux_device_class_hid_event_get.c:261:7:_uxe_device_class_hid_event_get	8	static
