../Core/Src/lcd.c:81:6:LCD_Display_Dose_Number	104	static
../Core/Src/lcd.c:66:6:LCD_DigitNumber_Dose_Calculate	40	static
../Core/Src/lcd.c:17:6:LCD_Display_Dose	16	static
../Core/Src/lcd.c:492:6:LCD_Display_Temp_Number	104	static
../Core/Src/lcd.c:456:6:LCD_DigitNumber_Temp_Calculate	48	static
../Core/Src/lcd.c:392:6:LCD_Display_Temp	24	static
../Core/Src/lcd.c:424:6:LCD_Display_Temp_MinMax	24	static
../Core/Src/lcd.c:908:6:LCD_Display_Year_Hour_Number	56	static
../Core/Src/lcd.c:881:6:LCD_DigitNumber_Year_Hour_Calculate	16	static
../Core/Src/lcd.c:1095:6:LCD_Display_Month_Min_Number	56	static
../Core/Src/lcd.c:890:6:LCD_DigitNumber_Month_Min_Calculate	16	static
../Core/Src/lcd.c:1250:6:LCD_Display_Day_Sec_Number	56	static
../Core/Src/lcd.c:899:6:LCD_DigitNumber_Day_Sec_Calculate	16	static
../Core/Src/lcd.c:804:6:LCD_Display_date	112	static
../Core/Src/lcd.c:844:6:LCD_Display_Time	112	static
../Core/Src/lcd.c:1405:6:LCD_Display_Battery	16	static
../Core/Src/lcd.c:1447:6:LCD_Display_USB	16	static
../Core/Src/lcd.c:1463:6:LCD_Display_USB_Load	16	static
../Core/Src/lcd.c:1480:6:LCD_Display_Boot	24	static
../Core/Src/lcd.c:1495:6:Blank_Dose_Display	8	static
../Core/Src/lcd.c:1503:6:LCD_Display_StartMode	16	static
../Core/Src/lcd.c:1522:6:LCD_Display_StopMode	16	static
../Core/Src/lcd.c:1541:6:LCD_Display_PauseMode	16	static
../Core/Src/lcd.c:1559:6:LCD_Display_Etc	12	static
../Core/Src/lcd.c:1580:6:Small_Stop_Display	8	static
../Core/Src/lcd.c:1588:6:Small_Start_Display	8	static
../Core/Src/lcd.c:1595:6:Small_Delay_Display	8	static
../Core/Src/lcd.c:1601:6:Mark_Display	8	static
../Core/Src/lcd.c:1608:6:Log_Mark_Display	16	static
../Core/Src/lcd.c:1617:6:Max_Display	8	static
../Core/Src/lcd.c:1623:6:Min_Display	8	static
../Core/Src/lcd.c:1629:6:LCD_Clear	8	static
../Core/Src/lcd.c:1633:6:LCD_Clear_Display	16	static
../Core/Src/lcd.c:1697:6:LCD_Display_LP_Number	112	static
../Core/Src/lcd.c:1679:6:LCD_DigitNumber_LP_Calculate	40	static
../Core/Src/lcd.c:1648:6:LCD_Display_LP	24	static
../Core/Src/lcd.c:2133:6:LCD_DigitNumber_InTime_Calculate	80	static
../Core/Src/lcd.c:1664:6:LCD_Display_DelayMode	24	static
../Core/Src/lcd.c:2105:6:LCD_Display_InTime_LT	16	static
../Core/Src/lcd.c:2119:6:LCD_Display_InTime_LR	16	static
../Core/Src/lcd.c:2169:6:LCD_Display_EndMode	16	static
../Core/Src/lcd.c:2184:6:LCD_Alarm_RH1_Display	8	static
../Core/Src/lcd.c:2189:6:LCD_Alarm_RH2_Display	8	static
../Core/Src/lcd.c:2194:6:LCD_Alarm_TH1_Display	8	static
../Core/Src/lcd.c:2199:6:LCD_Alarm_TH2_Display	8	static
../Core/Src/lcd.c:2204:6:LCD_Alarm_TL1_Display	8	static
../Core/Src/lcd.c:2209:6:LCD_Alarm_TL2_Display	8	static
../Core/Src/lcd.c:2214:6:LCD_Display_Ring_R	8	static
../Core/Src/lcd.c:2219:6:LCD_Display_Ring_T	8	static
../Core/Src/lcd.c:2223:6:LCD_Display_Alarm	16	static
