../Core/Src/pdflib.c:40:14:LPDF_GetVersion	8	static
../Core/Src/pdflib.c:45:11:LPDF_HasDoc	16	static
../Core/Src/pdflib.c:57:10:LPDF_New	48	static
../Core/Src/pdflib.c:164:13:LPDF_SaveToFile	40	static
../Core/Src/pdflib.c:201:13:LPDF_Free	16	static
../Core/Src/pdflib.c:209:11:LPDF_AddPage	24	static
../Core/Src/pdflib.c:236:13:LPDF_Page_SetHeight	16	static
../Core/Src/pdflib.c:245:13:LPDF_Page_SetWidth	16	static
../Core/Src/pdflib.c:255:13:LPDF_Page_GetHeight	16	static
../Core/Src/pdflib.c:265:13:LPDF_Page_GetWidth	16	static
../Core/Src/pdflib.c:275:13:LPDF_Page_CheckState	16	static
../Core/Src/pdflib.c:285:13:LPDF_Page_SetFontAndSize	40	static
../Core/Src/pdflib.c:326:13:LPDF_Page_SaveContext	56	static
../Core/Src/pdflib.c:436:13:LPDF_Page_BeginText	24	static
../Core/Src/pdflib.c:448:13:LPDF_Page_EndText	24	static
../Core/Src/pdflib.c:461:13:LPDF_Page_ShowText	40	static
../Core/Src/pdflib.c:505:13:LPDF_Page_MoveTextPos	40	static
../Core/Src/pdflib.c:520:13:LPDF_Page_TextOut	24	static
../Core/Src/pdflib.c:527:13:LPDF_Page_SetRGBStroke	72	static
../Core/Src/pdflib.c:545:13:LPDF_Page_SetRGBFill	72	static
../Core/Src/pdflib.c:562:13:LPDF_Page_MoveTo	32	static
../Core/Src/pdflib.c:578:13:LPDF_Page_LineTo	32	static
../Core/Src/pdflib.c:593:13:LPDF_Page_Stroke	24	static
../Core/Src/pdflib.c:605:13:LPDF_Page_DrawImage	72	static
../Core/Src/pdflib.c:625:12:LPDF_LoadRawImageFromFile	24	static
../Core/Src/pdflib.c:640:12:LPDF_LoadRawImageFromMem	32	static
../Core/Src/pdflib.c:686:13:LPDF_Page_SetLineWidth	32	static
