../Core/Src/rad_usb.c:49:9:crc8_SMBUS_calculate	12	static
../Core/Src/rad_usb.c:64:13:Rad_USBX_HID_ACK_response.isra	88	static
../Core/Src/rad_usb.c:89:6:RAD_USBX_Device_Init	16	static
../Core/Src/rad_usb.c:125:6:RAD_USBX_Device_Process	8	static
../Core/Src/rad_usb.c:132:9:DeviceSetting_CalcChecksum	0	static
../Core/Src/rad_usb.c:141:5:DeviceSetting_Send	80	static
../Core/Src/rad_usb.c:162:6:USB_HID_Send_Record	104	static
../Core/Src/rad_usb.c:307:6:RAD_USBX_Fatfs_format_disk	48	static
../Core/Src/rad_usb.c:337:6:RAD_USBX_Clean_Vol	16	static
../Core/Src/rad_usb.c:217:6:USB_HID_Receive	152	static
../Core/Src/rad_usb.c:875:9:RAD_Fatfs_MountOnly	8	static
