../Core/Src/stm32u0xx_it.c:83:6:NMI_Handler	0	static
../Core/Src/stm32u0xx_it.c:98:6:HardFault_Handler	0	static
../Core/Src/stm32u0xx_it.c:113:6:SVC_Handler	0	static
../Core/Src/stm32u0xx_it.c:126:6:PendSV_Handler	0	static
../Core/Src/stm32u0xx_it.c:139:6:SysTick_Handler	8	static
../Core/Src/stm32u0xx_it.c:160:6:RTC_TAMP_IRQHandler	16	static
../Core/Src/stm32u0xx_it.c:181:6:RCC_CRS_IRQHandler	0	static
../Core/Src/stm32u0xx_it.c:194:6:USB_DRD_FS_IRQHandler	8	static
../Core/Src/stm32u0xx_it.c:208:6:DMA1_Channel1_IRQHandler	8	static
../Core/Src/stm32u0xx_it.c:222:6:DMA1_Channel2_3_IRQHandler	8	static
../Core/Src/stm32u0xx_it.c:236:6:ADC_COMP1_2_IRQHandler	8	static
../Core/Src/stm32u0xx_it.c:251:6:TIM6_DAC_LPTIM1_IRQHandler	8	static
