../Drivers/STM32U0xx_HAL_Driver/Src/stm32u0xx_ll_usb.c:82:19:USB_CoreInit	8	static
../Drivers/STM32U0xx_HAL_Driver/Src/stm32u0xx_ll_usb.c:107:19:USB_EnableGlobalInt	0	static
../Drivers/STM32U0xx_HAL_Driver/Src/stm32u0xx_ll_usb.c:132:19:USB_DisableGlobalInt	0	static
../Drivers/STM32U0xx_HAL_Driver/Src/stm32u0xx_ll_usb.c:156:19:USB_SetCurrentMode	0	static
../Drivers/STM32U0xx_HAL_Driver/Src/stm32u0xx_ll_usb.c:178:19:USB_DevInit	8	static
../Drivers/STM32U0xx_HAL_Driver/Src/stm32u0xx_ll_usb.c:208:19:USB_FlushTxFifo	0	static
../Drivers/STM32U0xx_HAL_Driver/Src/stm32u0xx_ll_usb.c:227:19:USB_FlushRxFifo	0	static
../Drivers/STM32U0xx_HAL_Driver/Src/stm32u0xx_ll_usb.c:248:19:USB_ActivateEndpoint	32	static
../Drivers/STM32U0xx_HAL_Driver/Src/stm32u0xx_ll_usb.c:385:19:USB_DeactivateEndpoint	20	static
../Drivers/STM32U0xx_HAL_Driver/Src/stm32u0xx_ll_usb.c:658:19:USB_EPSetStall	0	static
../Drivers/STM32U0xx_HAL_Driver/Src/stm32u0xx_ll_usb.c:678:19:USB_EPClearStall	0	static
../Drivers/STM32U0xx_HAL_Driver/Src/stm32u0xx_ll_usb.c:707:19:USB_EPStopXfer	8	static
../Drivers/STM32U0xx_HAL_Driver/Src/stm32u0xx_ll_usb.c:752:19:USB_StopDevice	0	static
../Drivers/STM32U0xx_HAL_Driver/Src/stm32u0xx_ll_usb.c:773:20:USB_SetDevAddress	0	static
../Drivers/STM32U0xx_HAL_Driver/Src/stm32u0xx_ll_usb.c:789:20:USB_DevConnect	0	static
../Drivers/STM32U0xx_HAL_Driver/Src/stm32u0xx_ll_usb.c:802:20:USB_DevDisconnect	0	static
../Drivers/STM32U0xx_HAL_Driver/Src/stm32u0xx_ll_usb.c:815:10:USB_ReadInterrupts	0	static
../Drivers/STM32U0xx_HAL_Driver/Src/stm32u0xx_ll_usb.c:828:19:USB_ActivateRemoteWakeup	0	static
../Drivers/STM32U0xx_HAL_Driver/Src/stm32u0xx_ll_usb.c:840:19:USB_DeActivateRemoteWakeup	0	static
../Drivers/STM32U0xx_HAL_Driver/Src/stm32u0xx_ll_usb.c:855:6:USB_WritePMA	20	static
../Drivers/STM32U0xx_HAL_Driver/Src/stm32u0xx_ll_usb.c:444:19:USB_EPStartXfer	40	static
../Drivers/STM32U0xx_HAL_Driver/Src/stm32u0xx_ll_usb.c:912:6:USB_ReadPMA	20	static
