../Drivers/STM32U0xx_HAL_Driver/Src/stm32u0xx_hal_uart.c:3647:13:UART_EndTxTransfer	12	static,ignoring_inline_asm
../Drivers/STM32U0xx_HAL_Driver/Src/stm32u0xx_hal_uart.c:3664:13:UART_EndRxTransfer	12	static,ignoring_inline_asm
../Drivers/STM32U0xx_HAL_Driver/Src/stm32u0xx_hal_uart.c:4078:13:UART_TxISR_8BIT.part.0	12	static,ignoring_inline_asm
../Drivers/STM32U0xx_HAL_Driver/Src/stm32u0xx_hal_uart.c:4078:13:UART_TxISR_8BIT	8	static
../Drivers/STM32U0xx_HAL_Driver/Src/stm32u0xx_hal_uart.c:4107:13:UART_TxISR_16BIT	8	static
../Drivers/STM32U0xx_HAL_Driver/Src/stm32u0xx_hal_uart.c:4139:13:UART_TxISR_8BIT_FIFOEN	16	static,ignoring_inline_asm
../Drivers/STM32U0xx_HAL_Driver/Src/stm32u0xx_hal_uart.c:4179:13:UART_TxISR_16BIT_FIFOEN	16	static,ignoring_inline_asm
../Drivers/STM32U0xx_HAL_Driver/Src/stm32u0xx_hal_uart.c:681:13:HAL_UART_MspInit	0	static
../Drivers/STM32U0xx_HAL_Driver/Src/stm32u0xx_hal_uart.c:696:13:HAL_UART_MspDeInit	0	static
../Drivers/STM32U0xx_HAL_Driver/Src/stm32u0xx_hal_uart.c:634:19:HAL_UART_DeInit	16	static
../Drivers/STM32U0xx_HAL_Driver/Src/stm32u0xx_hal_uart.c:1333:19:HAL_UART_Transmit_IT	12	static,ignoring_inline_asm
../Drivers/STM32U0xx_HAL_Driver/Src/stm32u0xx_hal_uart.c:1475:19:HAL_UART_Transmit_DMA	32	static,ignoring_inline_asm
../Drivers/STM32U0xx_HAL_Driver/Src/stm32u0xx_hal_uart.c:1608:19:HAL_UART_DMAPause	16	static,ignoring_inline_asm
../Drivers/STM32U0xx_HAL_Driver/Src/stm32u0xx_hal_uart.c:1638:19:HAL_UART_DMAResume	8	static,ignoring_inline_asm
../Drivers/STM32U0xx_HAL_Driver/Src/stm32u0xx_hal_uart.c:1669:19:HAL_UART_DMAStop	16	static,ignoring_inline_asm
../Drivers/STM32U0xx_HAL_Driver/Src/stm32u0xx_hal_uart.c:1745:19:HAL_UART_Abort	16	static,ignoring_inline_asm
../Drivers/STM32U0xx_HAL_Driver/Src/stm32u0xx_hal_uart.c:1850:19:HAL_UART_AbortTransmit	16	static,ignoring_inline_asm
../Drivers/STM32U0xx_HAL_Driver/Src/stm32u0xx_hal_uart.c:1911:19:HAL_UART_AbortReceive	16	static,ignoring_inline_asm
../Drivers/STM32U0xx_HAL_Driver/Src/stm32u0xx_hal_uart.c:2682:13:HAL_UART_TxCpltCallback	0	static
../Drivers/STM32U0xx_HAL_Driver/Src/stm32u0xx_hal_uart.c:3691:13:UART_DMATransmitCplt	16	static,ignoring_inline_asm
../Drivers/STM32U0xx_HAL_Driver/Src/stm32u0xx_hal_uart.c:2697:13:HAL_UART_TxHalfCpltCallback	0	static
../Drivers/STM32U0xx_HAL_Driver/Src/stm32u0xx_hal_uart.c:3725:13:UART_DMATxHalfCplt	8	static
../Drivers/STM32U0xx_HAL_Driver/Src/stm32u0xx_hal_uart.c:2712:13:HAL_UART_RxCpltCallback	0	static
../Drivers/STM32U0xx_HAL_Driver/Src/stm32u0xx_hal_uart.c:2727:13:HAL_UART_RxHalfCpltCallback	0	static
../Drivers/STM32U0xx_HAL_Driver/Src/stm32u0xx_hal_uart.c:2742:13:HAL_UART_ErrorCallback	0	static
../Drivers/STM32U0xx_HAL_Driver/Src/stm32u0xx_hal_uart.c:3842:13:UART_DMAError	16	static
../Drivers/STM32U0xx_HAL_Driver/Src/stm32u0xx_hal_uart.c:3882:13:UART_DMAAbortOnError	8	static
../Drivers/STM32U0xx_HAL_Driver/Src/stm32u0xx_hal_uart.c:2757:13:HAL_UART_AbortCpltCallback	0	static
../Drivers/STM32U0xx_HAL_Driver/Src/stm32u0xx_hal_uart.c:1981:19:HAL_UART_Abort_IT	16	static,ignoring_inline_asm
../Drivers/STM32U0xx_HAL_Driver/Src/stm32u0xx_hal_uart.c:3959:13:UART_DMARxAbortCallback	8	static
../Drivers/STM32U0xx_HAL_Driver/Src/stm32u0xx_hal_uart.c:3904:13:UART_DMATxAbortCallback	8	static
../Drivers/STM32U0xx_HAL_Driver/Src/stm32u0xx_hal_uart.c:2772:13:HAL_UART_AbortTransmitCpltCallback	0	static
../Drivers/STM32U0xx_HAL_Driver/Src/stm32u0xx_hal_uart.c:2136:19:HAL_UART_AbortTransmit_IT	16	static,ignoring_inline_asm
../Drivers/STM32U0xx_HAL_Driver/Src/stm32u0xx_hal_uart.c:4011:13:UART_DMATxOnlyAbortCallback	8	static
../Drivers/STM32U0xx_HAL_Driver/Src/stm32u0xx_hal_uart.c:2787:13:HAL_UART_AbortReceiveCpltCallback	0	static
../Drivers/STM32U0xx_HAL_Driver/Src/stm32u0xx_hal_uart.c:2229:19:HAL_UART_AbortReceive_IT	16	static,ignoring_inline_asm
../Drivers/STM32U0xx_HAL_Driver/Src/stm32u0xx_hal_uart.c:4044:13:UART_DMARxOnlyAbortCallback	8	static
../Drivers/STM32U0xx_HAL_Driver/Src/stm32u0xx_hal_uart.c:2804:13:HAL_UARTEx_RxEventCallback	0	static
../Drivers/STM32U0xx_HAL_Driver/Src/stm32u0xx_hal_uart.c:2324:6:HAL_UART_IRQHandler	32	static,ignoring_inline_asm
../Drivers/STM32U0xx_HAL_Driver/Src/stm32u0xx_hal_uart.c:4245:13:UART_RxISR_8BIT	24	static,ignoring_inline_asm
../Drivers/STM32U0xx_HAL_Driver/Src/stm32u0xx_hal_uart.c:4336:13:UART_RxISR_16BIT	24	static,ignoring_inline_asm
../Drivers/STM32U0xx_HAL_Driver/Src/stm32u0xx_hal_uart.c:4429:13:UART_RxISR_8BIT_FIFOEN	40	static,ignoring_inline_asm
../Drivers/STM32U0xx_HAL_Driver/Src/stm32u0xx_hal_uart.c:4592:13:UART_RxISR_16BIT_FIFOEN	40	static,ignoring_inline_asm
../Drivers/STM32U0xx_HAL_Driver/Src/stm32u0xx_hal_uart.c:3804:13:UART_DMARxHalfCplt	8	static
../Drivers/STM32U0xx_HAL_Driver/Src/stm32u0xx_hal_uart.c:3743:13:UART_DMAReceiveCplt	16	static,ignoring_inline_asm
../Drivers/STM32U0xx_HAL_Driver/Src/stm32u0xx_hal_uart.c:2852:6:HAL_UART_ReceiverTimeout_Config	8	static
../Drivers/STM32U0xx_HAL_Driver/Src/stm32u0xx_hal_uart.c:2867:19:HAL_UART_EnableReceiverTimeout	12	static
../Drivers/STM32U0xx_HAL_Driver/Src/stm32u0xx_hal_uart.c:2905:19:HAL_UART_DisableReceiverTimeout	12	static
../Drivers/STM32U0xx_HAL_Driver/Src/stm32u0xx_hal_uart.c:2983:6:HAL_MultiProcessor_EnterMuteMode	0	static
../Drivers/STM32U0xx_HAL_Driver/Src/stm32u0xx_hal_uart.c:2993:19:HAL_HalfDuplex_EnableTransmitter	20	static,ignoring_inline_asm
../Drivers/STM32U0xx_HAL_Driver/Src/stm32u0xx_hal_uart.c:3016:19:HAL_HalfDuplex_EnableReceiver	20	static,ignoring_inline_asm
../Drivers/STM32U0xx_HAL_Driver/Src/stm32u0xx_hal_uart.c:3040:19:HAL_LIN_SendBreak	8	static
../Drivers/STM32U0xx_HAL_Driver/Src/stm32u0xx_hal_uart.c:3085:23:HAL_UART_GetState	0	static
../Drivers/STM32U0xx_HAL_Driver/Src/stm32u0xx_hal_uart.c:3101:10:HAL_UART_GetError	0	static
../Drivers/STM32U0xx_HAL_Driver/Src/stm32u0xx_hal_uart.c:3147:19:UART_SetConfig	24	static
../Drivers/STM32U0xx_HAL_Driver/Src/stm32u0xx_hal_uart.c:3304:6:UART_AdvFeatureConfig	12	static
../Drivers/STM32U0xx_HAL_Driver/Src/stm32u0xx_hal_uart.c:3449:19:UART_WaitOnFlagUntilTimeout	32	static
../Drivers/STM32U0xx_HAL_Driver/Src/stm32u0xx_hal_uart.c:1127:19:HAL_UART_Transmit	48	static
../Drivers/STM32U0xx_HAL_Driver/Src/stm32u0xx_hal_uart.c:1233:19:HAL_UART_Receive	48	static
../Drivers/STM32U0xx_HAL_Driver/Src/stm32u0xx_hal_uart.c:3380:19:UART_CheckIdleState	24	static,ignoring_inline_asm
../Drivers/STM32U0xx_HAL_Driver/Src/stm32u0xx_hal_uart.c:309:19:HAL_UART_Init	16	static
../Drivers/STM32U0xx_HAL_Driver/Src/stm32u0xx_hal_uart.c:384:19:HAL_HalfDuplex_Init	16	static
../Drivers/STM32U0xx_HAL_Driver/Src/stm32u0xx_hal_uart.c:459:19:HAL_LIN_Init	16	static
../Drivers/STM32U0xx_HAL_Driver/Src/stm32u0xx_hal_uart.c:558:19:HAL_MultiProcessor_Init	24	static
../Drivers/STM32U0xx_HAL_Driver/Src/stm32u0xx_hal_uart.c:2943:19:HAL_MultiProcessor_EnableMuteMode	16	static,ignoring_inline_asm
../Drivers/STM32U0xx_HAL_Driver/Src/stm32u0xx_hal_uart.c:2963:19:HAL_MultiProcessor_DisableMuteMode	16	static,ignoring_inline_asm
../Drivers/STM32U0xx_HAL_Driver/Src/stm32u0xx_hal_uart.c:3517:19:UART_Start_Receive_IT	16	static,ignoring_inline_asm
../Drivers/STM32U0xx_HAL_Driver/Src/stm32u0xx_hal_uart.c:1417:19:HAL_UART_Receive_IT	16	static,ignoring_inline_asm
../Drivers/STM32U0xx_HAL_Driver/Src/stm32u0xx_hal_uart.c:3590:19:UART_Start_Receive_DMA	24	static,ignoring_inline_asm
../Drivers/STM32U0xx_HAL_Driver/Src/stm32u0xx_hal_uart.c:1561:19:HAL_UART_Receive_DMA	16	static,ignoring_inline_asm
