../Fatfs/ff.c:628:14:ld_32	0	static
../Fatfs/ff.c:663:13:st_32	0	static
../Fatfs/ff.c:1159:14:clst2sect	0	static
../Fatfs/ff.c:3220:12:get_ldnumber	0	static
../Fatfs/ff.c:3695:16:validate	16	static
../Fatfs/ff.c:1057:16:sync_window	16	static
../Fatfs/ff.c:1882:13:st_clust	0	static
../Fatfs/ff.c:1079:16:move_window	16	static
../Fatfs/ff.c:3367:13:check_fs	16	static
../Fatfs/ff.c:1254:16:put_fat	40	static
../Fatfs/ff.c:1675:16:dir_clear	24	static
../Fatfs/ff.c:1110:16:sync_fs	24	static
../Fatfs/ff.c:3461:16:mount_volume	64	static
../Fatfs/ff.c:2653:13:get_fileinfo.part.0.constprop.isra	24	static
../Fatfs/ff.c:1865:14:ld_clust.isra	0	static
../Fatfs/ff.c:1176:14:get_fat.isra	32	static
../Fatfs/ff.c:1714:16:dir_sdi.constprop	32	static
../Fatfs/ff.c:1444:16:remove_chain	24	static
../Fatfs/ff.c:1539:14:create_chain	32	static
../Fatfs/ff.c:1762:16:dir_next	32	static
../Fatfs/ff.c:3101:16:follow_path	48	static
../Fatfs/ff.c:2334:16:dir_read	32	static
../Fatfs/ff.c:1823:16:dir_alloc.constprop	16	static
../Fatfs/ff.c:2494:16:dir_register	16	static
../Fatfs/ff.c:3739:9:f_mount	32	static
../Fatfs/ff.c:3799:9:f_open	88	static
../Fatfs/ff.c:3996:9:f_read	56	static
../Fatfs/ff.c:4097:9:f_write	56	static
../Fatfs/ff.c:6740:13:putc_bfd	24	static
../Fatfs/ff.c:6871:12:putc_flush	16	static
../Fatfs/ff.c:4218:9:f_sync	40	static
../Fatfs/ff.c:4299:9:f_close	16	static
../Fatfs/ff.c:4555:9:f_lseek	48	static
../Fatfs/ff.c:4719:9:f_opendir	32	static
../Fatfs/ff.c:4781:9:f_closedir	16	static
../Fatfs/ff.c:4811:9:f_readdir	24	static
../Fatfs/ff.c:4902:9:f_stat	72	static
../Fatfs/ff.c:4939:9:f_getfree	56	static
../Fatfs/ff.c:5036:9:f_truncate	32	static
../Fatfs/ff.c:5087:9:f_unlink	128	static
../Fatfs/ff.c:5176:9:f_mkdir	96	static
../Fatfs/ff.c:5261:9:f_rename	168	static
../Fatfs/ff.c:5385:9:f_chmod	72	static
../Fatfs/ff.c:5434:9:f_utime	72	static
../Fatfs/ff.c:5502:9:f_getlabel	72	static
../Fatfs/ff.c:5603:9:f_setlabel	104	static
../Fatfs/ff.c:6043:9:f_mkfs	128	static
../Fatfs/ff.c:6588:8:f_gets	40	static
../Fatfs/ff.c:6894:5:f_putc	96	static
../Fatfs/ff.c:6914:5:f_puts	96	static
../Fatfs/ff.c:7057:5:f_printf	164	static
